// Jest Snapshot v1, https://goo.gl/fbAQLP

exports[`Divider renders without crashing 1`] = `
<DocumentFragment>
  <div
    class="divider "
  >
    â€‹
  </div>
</DocumentFragment>
`;
